// Jest Snapshot v1, https://goo.gl/fbAQLP

exports[`Header snapshot flow 1`] = `
<h3
  class="component text-xl font-medium"
>
  no flow
</h3>
`;

exports[`Header snapshot h3 contrast AA 1`] = `
<h3
  class="component flow text-dark-aa text-xl font-medium"
>
  AA
</h3>
`;

exports[`Header snapshot inline block 1`] = `
<h3
  class="component flow inlineBlock text-xl font-medium"
>
  inline block
</h3>
`;

exports[`Header snapshot palette color 1`] = `
<h3
  class="component flow text-xl font-medium text-red-100"
>
  red-100 color
</h3>
`;

exports[`Header snapshot size override 1`] = `
<h4
  class="component flow text-2xl font-medium"
>
  2xl should override h4
</h4>
`;

exports[`Header snapshot tag override 1`] = `
<h1
  class="component flow text-lg font-medium"
>
  h1 should win over h4
</h1>
`;
