// Jest Snapshot v1, https://goo.gl/fbAQLP

exports[`Paragraph snapshot contrast 1`] = `
<p
  class="component mb-4 text-dark-a text-md"
>
  single A
</p>
`;

exports[`Paragraph snapshot flow 1`] = `
<p
  class="component text-md"
>
  no flow
</p>
`;

exports[`Paragraph snapshot size 1`] = `
<p
  class="component mb-4 text-2xl"
>
  size 2xl
</p>
`;
