// Jest Snapshot v1, https://goo.gl/fbAQLP

exports[`Label snapshot containsFieldGroup 1`] = `
<fieldset
  class="block mb-6 border-none"
  name="form-input--undefined"
>
  <legend
    class="mb-3 w-full"
  >
    <div
      class="mb-1"
    >
      <div
        class="text-dark-aaaa text-md font-medium antialiased"
      >
        Name
      </div>
      <div
        class="text-dark-a mb-2 text-sm"
      >
        Who are you?
      </div>
    </div>
  </legend>
  <input
    checked=""
    class="input warning"
    id="chocolate"
    type="radio"
  />
  <label
    class="radio"
    for="chocolate"
  >
    Chocolate
  </label>
  <input
    class="input warning"
    id="vanilla"
    type="radio"
  />
  <label
    class="radio"
    for="vanilla"
  >
    Vanilla
  </label>
  <input
    class="input warning"
    id="strawberry"
    type="radio"
  />
  <label
    class="radio"
    for="strawberry"
  >
    Strawberry
  </label>
</fieldset>
`;

exports[`Label snapshot standard 1`] = `
<label
  class="block mb-6"
  for="form-input--undefined"
>
  <div
    class="mb-1"
  >
    <div
      class="text-dark-aaaa text-md font-medium antialiased"
    >
      Name
    </div>
    <div
      class="text-dark-a mb-2 text-sm"
    >
      Who are you?
    </div>
  </div>
  <input
    class="text-dark-aaaa text-md max-w-full placeholder-dark-a ring-inset border rounded focus:ring-dark-link bg-white  focus:ring-1 px-3 py-2 h-10 border-gray-500 disabled:text-dark-a disabled:bg-gray-200 disabled:border-light-aa w-full"
    type="text"
  />
</label>
`;
